
> kinita@0.1.0 electron:build
> vite build && electron-builder --win portable

npm : [33mThe CJS 
build of Vite's Node 
API is deprecated. See 
https://vite.dev/guide/
troubleshooting.html#vi
te-cjs-node-api-depreca
ted for more 
details.[39m
At line:1 char:1
+ npm run 
electron:build > 
build_output.txt 2>&1
+ ~~~~~~~~~~~~~~~~~~~~~
~~~~~~~~~~~~~~~~~~~~~~~
~~
    + CategoryInfo     
         : NotSpecifi  
  ed: ([33mThe CJS    
 bu...e details.[3    
9m:String) [], Rem    
oteException
    + FullyQualifiedEr 
   rorId : NativeComm  
  andError
 
[36mvite v5.4.21 [32mbuilding for production...[36m[39m
transforming...
[32mΓ£ô[39m 1742 modules transformed.
rendering chunks...
computing gzip size...
[2mdist/[22m[32mindex.html                    [39m[1m[2m  0.63 kB[22m[1m[22m[2m Γöé gzip:  0.40 kB[22m
[2mdist/[22m[32massets/login-bg-rXhyLkAz.png  [39m[1m[2m368.63 kB[22m[1m[22m
[2mdist/[22m[35massets/index-aYHdpmqw.css     [39m[1m[2m 63.70 kB[22m[1m[22m[2m Γöé gzip: 11.27 kB[22m
[2mdist/[22m[36massets/index-C_9rjsdI.js      [39m[1m[2m330.86 kB[22m[1m[22m[2m Γöé gzip: 92.54 kB[22m
[32mΓ£ô built in 1.96s[39m
  ΓÇó electron-builder  version=26.7.0 os=10.0.26100
  ΓÇó loaded configuration  file=package.json ("build" field)
  ΓÇó author is missed in the package.json  appPackageFile=C:\Users\Kairi\Documents\Software Development\kinita\package.json
  ΓÇó executing @electron/rebuild  electronVersion=40.1.0 arch=x64 buildFromSource=false workspaceRoot=C:\Users\Kairi\Documents\Software Development\kinita projectDir=./ appDir=./
  ΓÇó installing native dependencies  arch=x64
  ΓÇó preparing       moduleName=better-sqlite3 arch=x64
  ΓÇó finished        moduleName=better-sqlite3 arch=x64
  ΓÇó completed installing native dependencies
  ΓÇó packaging       platform=win32 arch=x64 electron=40.1.0 appOutDir=release\win-unpacked
  ΓÇó asar usage is disabled ΓÇö this is strongly not recommended  solution=enable asar and use asarUnpack to unpack files that must be externally available
  ΓÇó searching for node modules  pm=npm searchDir=C:\Users\Kairi\Documents\Software Development\kinita
  ΓÇó asar usage is disabled ΓÇö this is strongly not recommended  solution=enable asar and use asarUnpack to unpack files that must be externally available
  ΓÇó downloading     url=https://github.com/electron-userland/electron-builder-binaries/releases/download/winCodeSign-2.6.0/winCodeSign-2.6.0.7z size=5.6 MB parts=1
  ΓÇó downloaded      url=https://github.com/electron-userland/electron-builder-binaries/releases/download/winCodeSign-2.6.0/winCodeSign-2.6.0.7z duration=962ms
  Γ¿» cannot execute  cause=exit status 2
                    out=
    7-Zip (a) 21.07 (x64) : Copyright (c) 1999-2021 Igor Pavlov : 2021-12-26
    
    Scanning the drive for archives:
    1 file, 5635384 bytes (5504 KiB)
    
    Extracting archive: C:\Users\Kairi\AppData\Local\electron-builder\Cache\winCodeSign\480163923.7z
    --
    Path = C:\Users\Kairi\AppData\Local\electron-builder\Cache\winCodeSign\480163923.7z
    Type = 7z
    Physical Size = 5635384
    Headers Size = 1492
    Method = LZMA2:24m LZMA:20 BCJ2
    Solid = +
    Blocks = 2
    
    
    Sub items Errors: 2
    
    Archives with Errors: 1
    
    Sub items Errors: 2
    
                    errorOut=ERROR: Cannot create symbolic link : A required privilege is not held by the client. : C:\Users\Kairi\AppData\Local\electron-builder\Cache\winCodeSign\480163923\darwin\10.12\lib\libcrypto.dylib
    ERROR: Cannot create symbolic link : A required privilege is not held by the client. : C:\Users\Kairi\AppData\Local\electron-builder\Cache\winCodeSign\480163923\darwin\10.12\lib\libssl.dylib
    
                    command='C:\Users\Kairi\Documents\Software Development\kinita\node_modules\7zip-bin\win\x64\7za.exe' x -snld -bd 'C:\Users\Kairi\AppData\Local\electron-builder\Cache\winCodeSign\480163923.7z' '-oC:\Users\Kairi\AppData\Local\electron-builder\Cache\winCodeSign\480163923'
                    workingDir=C:\Users\Kairi\AppData\Local\electron-builder\Cache\winCodeSign
  ΓÇó downloading     url=https://github.com/electron-userland/electron-builder-binaries/releases/download/winCodeSign-2.6.0/winCodeSign-2.6.0.7z size=5.6 MB parts=1
  ΓÇó downloaded      url=https://github.com/electron-userland/electron-builder-binaries/releases/download/winCodeSign-2.6.0/winCodeSign-2.6.0.7z duration=817ms
  Γ¿» cannot execute  cause=exit status 2
                    out=
    7-Zip (a) 21.07 (x64) : Copyright (c) 1999-2021 Igor Pavlov : 2021-12-26
    
    Scanning the drive for archives:
    1 file, 5635384 bytes (5504 KiB)
    
    Extracting archive: C:\Users\Kairi\AppData\Local\electron-builder\Cache\winCodeSign\104799783.7z
    --
    Path = C:\Users\Kairi\AppData\Local\electron-builder\Cache\winCodeSign\104799783.7z
    Type = 7z
    Physical Size = 5635384
    Headers Size = 1492
    Method = LZMA2:24m LZMA:20 BCJ2
    Solid = +
    Blocks = 2
    
    
    Sub items Errors: 2
    
    Archives with Errors: 1
    
    Sub items Errors: 2
    
                    errorOut=ERROR: Cannot create symbolic link : A required privilege is not held by the client. : C:\Users\Kairi\AppData\Local\electron-builder\Cache\winCodeSign\104799783\darwin\10.12\lib\libcrypto.dylib
    ERROR: Cannot create symbolic link : A required privilege is not held by the client. : C:\Users\Kairi\AppData\Local\electron-builder\Cache\winCodeSign\104799783\darwin\10.12\lib\libssl.dylib
    
                    command='C:\Users\Kairi\Documents\Software Development\kinita\node_modules\7zip-bin\win\x64\7za.exe' x -snld -bd 'C:\Users\Kairi\AppData\Local\electron-builder\Cache\winCodeSign\104799783.7z' '-oC:\Users\Kairi\AppData\Local\electron-builder\Cache\winCodeSign\104799783'
                    workingDir=C:\Users\Kairi\AppData\Local\electron-builder\Cache\winCodeSign
  ΓÇó downloading     url=https://github.com/electron-userland/electron-builder-binaries/releases/download/winCodeSign-2.6.0/winCodeSign-2.6.0.7z size=5.6 MB parts=1
  ΓÇó downloaded      url=https://github.com/electron-userland/electron-builder-binaries/releases/download/winCodeSign-2.6.0/winCodeSign-2.6.0.7z duration=838ms
  Γ¿» cannot execute  cause=exit status 2
                    out=
    7-Zip (a) 21.07 (x64) : Copyright (c) 1999-2021 Igor Pavlov : 2021-12-26
    
    Scanning the drive for archives:
    1 file, 5635384 bytes (5504 KiB)
    
    Extracting archive: C:\Users\Kairi\AppData\Local\electron-builder\Cache\winCodeSign\630091231.7z
    --
    Path = C:\Users\Kairi\AppData\Local\electron-builder\Cache\winCodeSign\630091231.7z
    Type = 7z
    Physical Size = 5635384
    Headers Size = 1492
    Method = LZMA2:24m LZMA:20 BCJ2
    Solid = +
    Blocks = 2
    
    
    Sub items Errors: 2
    
    Archives with Errors: 1
    
    Sub items Errors: 2
    
                    errorOut=ERROR: Cannot create symbolic link : A required privilege is not held by the client. : C:\Users\Kairi\AppData\Local\electron-builder\Cache\winCodeSign\630091231\darwin\10.12\lib\libcrypto.dylib
    ERROR: Cannot create symbolic link : A required privilege is not held by the client. : C:\Users\Kairi\AppData\Local\electron-builder\Cache\winCodeSign\630091231\darwin\10.12\lib\libssl.dylib
    
                    command='C:\Users\Kairi\Documents\Software Development\kinita\node_modules\7zip-bin\win\x64\7za.exe' x -snld -bd 'C:\Users\Kairi\AppData\Local\electron-builder\Cache\winCodeSign\630091231.7z' '-oC:\Users\Kairi\AppData\Local\electron-builder\Cache\winCodeSign\630091231'
                    workingDir=C:\Users\Kairi\AppData\Local\electron-builder\Cache\winCodeSign
  ΓÇó downloading     url=https://github.com/electron-userland/electron-builder-binaries/releases/download/winCodeSign-2.6.0/winCodeSign-2.6.0.7z size=5.6 MB parts=1
  ΓÇó downloaded      url=https://github.com/electron-userland/electron-builder-binaries/releases/download/winCodeSign-2.6.0/winCodeSign-2.6.0.7z duration=818ms
  Γ¿» cannot execute  cause=exit status 2
                    out=
    7-Zip (a) 21.07 (x64) : Copyright (c) 1999-2021 Igor Pavlov : 2021-12-26
    
    Scanning the drive for archives:
    1 file, 5635384 bytes (5504 KiB)
    
    Extracting archive: C:\Users\Kairi\AppData\Local\electron-builder\Cache\winCodeSign\336289279.7z
    --
    Path = C:\Users\Kairi\AppData\Local\electron-builder\Cache\winCodeSign\336289279.7z
    Type = 7z
    Physical Size = 5635384
    Headers Size = 1492
    Method = LZMA2:24m LZMA:20 BCJ2
    Solid = +
    Blocks = 2
    
    
    Sub items Errors: 2
    
    Archives with Errors: 1
    
    Sub items Errors: 2
    
                    errorOut=ERROR: Cannot create symbolic link : A required privilege is not held by the client. : C:\Users\Kairi\AppData\Local\electron-builder\Cache\winCodeSign\336289279\darwin\10.12\lib\libcrypto.dylib
    ERROR: Cannot create symbolic link : A required privilege is not held by the client. : C:\Users\Kairi\AppData\Local\electron-builder\Cache\winCodeSign\336289279\darwin\10.12\lib\libssl.dylib
    
                    command='C:\Users\Kairi\Documents\Software Development\kinita\node_modules\7zip-bin\win\x64\7za.exe' x -snld -bd 'C:\Users\Kairi\AppData\Local\electron-builder\Cache\winCodeSign\336289279.7z' '-oC:\Users\Kairi\AppData\Local\electron-builder\Cache\winCodeSign\336289279'
                    workingDir=C:\Users\Kairi\AppData\Local\electron-builder\Cache\winCodeSign
